
> my-app@0.1.0 build
> next build

▲ Next.js 16.2.1 (Turbopack)
- Environments: .env.local, .env.production
- Experiments (use with caution):
  · optimizePackageImports

⚠ The "middleware" file convention is deprecated. Please use "proxy" instead. Learn more: https://nextjs.org/docs/messages/middleware-to-proxy
  Creating an optimized production build ...
✓ Compiled successfully in 111s
  Running TypeScript ...
  Finished TypeScript in 2.5min ...
  Collecting page data using 3 workers ...
  Generating static pages using 3 workers (0/92) ...
  Generating static pages using 3 workers (23/92) 
  Generating static pages using 3 workers (46/92) 
  Generating static pages using 3 workers (69/92) 
✓ Generating static pages using 3 workers (92/92) in 19.2s
  Finalizing page optimization ...

Route (app)
┌ ○ /
├ ○ /_not-found
├ ƒ /api/archetype
├ ƒ /api/belief
├ ƒ /api/brain-dump
├ ƒ /api/brain-dump/categorize
├ ƒ /api/confidence
├ ƒ /api/distraction
├ ƒ /api/emotion
├ ƒ /api/feedback
├ ƒ /api/focus
├ ƒ /api/generate
├ ƒ /api/journal
├ ƒ /api/momentum
├ ƒ /api/opportunities/select
├ ƒ /api/opportunity
├ ƒ /api/providers
├ ƒ /api/radar/rankings
├ ƒ /api/radar/top
├ ƒ /api/refine
├ ƒ /api/revenue
├ ƒ /api/stripe/checkout
├ ƒ /api/stripe/portal
├ ƒ /api/stripe/webhook
├ ƒ /api/tier1/belief
├ ƒ /api/tier1/brain-dump
├ ƒ /api/tier1/confidence
├ ƒ /api/tier1/emotion
├ ƒ /api/tier1/focus
├ ƒ /api/tier1/foundation
├ ƒ /api/tier1/journal
├ ƒ /api/tier1/mindset
├ ƒ /api/tier1/momentum
├ ƒ /api/tier2/archetypes/[name]
├ ƒ /api/tier2/extract-idea
├ ƒ /api/tier2/opportunities
├ ƒ /api/tier2/opportunities/[id]
├ ƒ /api/tier2/radar
├ ƒ /api/tier2/trending
├ ƒ /api/tier3/build
├ ƒ /api/tier4/character-stats
├ ƒ /api/tier4/productivity
├ ƒ /api/tier4/revenue
├ ƒ /api/tier4/revenue/analytics
├ ƒ /api/tier4/revenue/goals
├ ƒ /api/tier4/revenue/streams
├ ƒ /api/tier4/revenue/transactions
├ ƒ /api/tier4/self-discovery
├ ƒ /api/tier5/learning
├ ƒ /api/tier6/affiliate
├ ƒ /api/tier6/membership
├ ƒ /api/tier6/revenue
├ ƒ /api/workflow
├ ○ /auth/callback
├ ○ /build
├ ○ /dashboard
├ ○ /dashboard/tier1
├ ○ /dashboard/tier1/belief
├ ○ /dashboard/tier1/brain-dump
├ ○ /dashboard/tier1/confidence
├ ○ /dashboard/tier1/emotion
├ ○ /dashboard/tier1/focus
├ ○ /dashboard/tier1/journal
├ ○ /dashboard/tier1/mindset
├ ○ /dashboard/tier1/momentum
├ ○ /dashboard/tier2
├ ○ /dashboard/tier2/ideas
├ ○ /dashboard/tier2/opportunities
├ ○ /dashboard/tier3
├ ○ /dashboard/tier4/character-stats
├ ○ /dashboard/tier4/productivity
├ ○ /dashboard/tier4/self-discovery
├ ○ /dashboard/tier5/learning
├ ○ /dashboard/tier5/review
├ ○ /dashboard/tier5/skills
├ ○ /dashboard/tier6/affiliate
├ ○ /dashboard/tier6/coins
├ ○ /dashboard/tier6/membership
├ ○ /dashboard/tier6/revenue
├ ○ /forgot-password
├ ○ /login
├ ○ /onboarding
├ ○ /plan
├ ○ /plans
├ ○ /pricing
├ ○ /privacy
├ ○ /radar
├ ○ /revenue
├ ○ /settings
├ ○ /signup
├ ○ /terms
└ ○ /test


ƒ Proxy (Middleware)

○  (Static)   prerendered as static content
ƒ  (Dynamic)  server-rendered on demand

