Retrieving project…
Deploying mohamedelgendidev-5512s-projects/foundryai
Inspect: https://vercel.com/mohamedelgendidev-5512s-projects/foundryai/D4VR2nneKQ1uEFvFZnaUwg8RjHJx [4s]
Production: https://foundryai-8y577pptp-mohamedelgendidev-5512s-projects.vercel.app [4s]
https://foundryai-8y577pptp-mohamedelgendidev-5512s-projects.vercel.appBuilding...
Building...
Building: Running build in Washington, D.C., USA (East) – iad1
Building: Build machine configuration: 2 cores, 8 GB
Building: Retrieving list of deployment files...
Building: Skipping build cache, deployment was triggered without cache.
Building: Downloading 944 deployment files...
Building: Running "vercel build"
Building: Vercel CLI 51.6.1
Building: Warning: Detected "engines": { "node": ">=18.0.0" } in your `package.json` that will automatically upgrade when a new major Node.js Version is released. Learn More: https://vercel.link/node-version
Building: Installing dependencies...
Building: npm warn deprecated whatwg-encoding@3.1.1: Use @exodus/bytes instead for a more spec-conformant and faster implementation
Building: npm warn deprecated inflight@1.0.6: This module is not supported, and leaks memory. Do not use it. Check out lru-cache if you want a good and tested way to coalesce async requests by a key value, which is much more comprehensive and powerful.
Building: npm warn deprecated node-domexception@1.0.0: Use your platform's native DOMException instead
Building: npm warn deprecated glob@7.2.3: Old versions of glob are not supported, and contain widely publicized security vulnerabilities, which have been fixed in the current version. Please update. Support for old versions may be purchased (at exorbitant rates) by contacting i@izs.me
Building: npm warn deprecated glob@10.5.0: Old versions of glob are not supported, and contain widely publicized security vulnerabilities, which have been fixed in the current version. Please update. Support for old versions may be purchased (at exorbitant rates) by contacting i@izs.me
Building: added 1228 packages in 26s
Building: 282 packages are looking for funding
Building: run `npm fund` for details
Building: Detected Next.js version: 16.2.1
Building: Running "npm run build"
Building: > my-app@0.1.0 build
Building: > next build
Building: Applying modifyConfig from Vercel
Building: Attention: Next.js now collects completely anonymous telemetry regarding usage.
Building: This information is used to shape Next.js' roadmap and prioritize features.
Building: You can learn more, including how to opt-out if you'd not like to participate in this anonymous program, by visiting the following URL:
Building: https://nextjs.org/telemetry
Building: ▲ Next.js 16.2.1 (Turbopack)
Building: - Environments: .env.production
Building: - Experiments (use with caution):
Building: · optimizePackageImports
Building: ⚠ The "middleware" file convention is deprecated. Please use "proxy" instead. Learn more: https://nextjs.org/docs/messages/middleware-to-proxy
Building: Creating an optimized production build ...
Building: ✓ Compiled successfully in 23.9s
Building: Running TypeScript ...
Building: Finished TypeScript in 7.2s ...
Building: Collecting page data using 1 worker ...
Building: Generating static pages using 1 worker (0/92) ...
Building: Generating static pages using 1 worker (23/92)
Building: Generating static pages using 1 worker (46/92)
Building: Generating static pages using 1 worker (69/92)
Building: ✓ Generating static pages using 1 worker (92/92) in 713ms
Building: Finalizing page optimization ...
Building: Running onBuildComplete from Vercel
Building: Warning: Detected "engines": { "node": ">=18.0.0" } in your `package.json` that will automatically upgrade when a new major Node.js Version is released. Learn More: https://vercel.link/node-version
Building: Detected .env file, it is strongly recommended to use Vercel's env handling instead
Building: Route (app)
Building: ┌ ○ /
Building: ├ ○ /_not-found
Building: ├ ƒ /api/archetype
Building: ├ ƒ /api/belief
Building: ├ ƒ /api/brain-dump
Building: ├ ƒ /api/brain-dump/categorize
Building: ├ ƒ /api/confidence
Building: ├ ƒ /api/distraction
Building: ├ ƒ /api/emotion
Building: ├ ƒ /api/feedback
Building: ├ ƒ /api/focus
Building: ├ ƒ /api/generate
Building: ├ ƒ /api/journal
Building: ├ ƒ /api/momentum
Building: ├ ƒ /api/opportunities/select
Building: ├ ƒ /api/opportunity
Building: ├ ƒ /api/providers
Building: ├ ƒ /api/radar/rankings
Building: ├ ƒ /api/radar/top
Building: ├ ƒ /api/refine
Building: ├ ƒ /api/revenue
Building: ├ ƒ /api/stripe/checkout
Building: ├ ƒ /api/stripe/portal
Building: ├ ƒ /api/stripe/webhook
Building: ├ ƒ /api/tier1/belief
Building: ├ ƒ /api/tier1/brain-dump
Building: ├ ƒ /api/tier1/confidence
Building: ├ ƒ /api/tier1/emotion
Building: ├ ƒ /api/tier1/focus
Building: ├ ƒ /api/tier1/foundation
Building: ├ ƒ /api/tier1/journal
Building: ├ ƒ /api/tier1/mindset
Building: ├ ƒ /api/tier1/momentum
Building: ├ ƒ /api/tier2/archetypes/[name]
Building: ├ ƒ /api/tier2/extract-idea
Building: ├ ƒ /api/tier2/opportunities
Building: ├ ƒ /api/tier2/opportunities/[id]
Building: ├ ƒ /api/tier2/radar
Building: ├ ƒ /api/tier2/trending
Building: ├ ƒ /api/tier3/build
Building: ├ ƒ /api/tier4/character-stats
Building: ├ ƒ /api/tier4/productivity
Building: ├ ƒ /api/tier4/revenue
Building: ├ ƒ /api/tier4/revenue/analytics
Building: ├ ƒ /api/tier4/revenue/goals
Building: ├ ƒ /api/tier4/revenue/streams
Building: ├ ƒ /api/tier4/revenue/transactions
Building: ├ ƒ /api/tier4/self-discovery
Building: ├ ƒ /api/tier5/learning
Building: ├ ƒ /api/tier6/affiliate
Building: ├ ƒ /api/tier6/membership
Building: ├ ƒ /api/tier6/revenue
Building: ├ ƒ /api/workflow
Building: ├ ○ /auth/callback
Building: ├ ○ /build
Building: ├ ○ /dashboard
Building: ├ ○ /dashboard/tier1
Building: ├ ○ /dashboard/tier1/belief
Building: ├ ○ /dashboard/tier1/brain-dump
Building: ├ ○ /dashboard/tier1/confidence
Building: ├ ○ /dashboard/tier1/emotion
Building: ├ ○ /dashboard/tier1/focus
Building: ├ ○ /dashboard/tier1/journal
Building: ├ ○ /dashboard/tier1/mindset
Building: ├ ○ /dashboard/tier1/momentum
Building: ├ ○ /dashboard/tier2
Building: ├ ○ /dashboard/tier2/ideas
Building: ├ ○ /dashboard/tier2/opportunities
Building: ├ ○ /dashboard/tier3
Building: ├ ○ /dashboard/tier4/character-stats
Building: ├ ○ /dashboard/tier4/productivity
Building: ├ ○ /dashboard/tier4/self-discovery
Building: ├ ○ /dashboard/tier5/learning
Building: ├ ○ /dashboard/tier5/review
Building: ├ ○ /dashboard/tier5/skills
Building: ├ ○ /dashboard/tier6/affiliate
Building: ├ ○ /dashboard/tier6/coins
Building: ├ ○ /dashboard/tier6/membership
Building: ├ ○ /dashboard/tier6/revenue
Building: ├ ○ /forgot-password
Building: ├ ○ /login
Building: ├ ○ /onboarding
Building: ├ ○ /plan
Building: ├ ○ /plans
Building: ├ ○ /pricing
Building: ├ ○ /privacy
Building: ├ ○ /radar
Building: ├ ○ /revenue
Building: ├ ○ /settings
Building: ├ ○ /signup
Building: ├ ○ /terms
Building: └ ○ /test
Building: ƒ Proxy (Middleware)
Building: ○  (Static)   prerendered as static content
Building: ƒ  (Dynamic)  server-rendered on demand
Building: Build Completed in /vercel/output [1m]
Building: Deploying outputs...
Building: Deployment completed
Building: Creating build cache...
[2K[1A[2K[GProduction: https://foundryai-8y577pptp-mohamedelgendidev-5512s-projects.vercel.app [2m]
Completing...
Aliased: https://foundryai-seven.vercel.app [2m]
